// Vitest Snapshot v1, https://vitest.dev/guide/snapshot.html

exports[`Tabs Component > Snapshots & Edge Cases > should match snapshot for basic tabs 1`] = `
<div>
  <div
    class="flex flex-col gap-2"
    data-orientation="horizontal"
    data-slot="tabs"
    dir="ltr"
  >
    <div
      aria-orientation="horizontal"
      class="bg-muted text-muted-foreground h-9 w-fit items-center justify-center rounded-xl p-[3px] flex"
      data-orientation="horizontal"
      data-slot="tabs-list"
      role="tablist"
      style="outline: none;"
      tabindex="0"
    >
      <button
        aria-controls="radix-:r1k:-content-snap"
        aria-selected="true"
        class="data-[state=active]:bg-card dark:data-[state=active]:text-foreground focus-visible:border-ring focus-visible:ring-ring/50 focus-visible:outline-ring dark:data-[state=active]:border-input dark:data-[state=active]:bg-input/30 text-foreground dark:text-muted-foreground inline-flex h-[calc(100%-1px)] flex-1 items-center justify-center gap-1.5 rounded-xl border border-transparent px-2 py-1 text-sm font-medium whitespace-nowrap transition-[color,box-shadow] focus-visible:ring-[3px] focus-visible:outline-1 disabled:pointer-events-none disabled:opacity-50 [&_svg]:pointer-events-none [&_svg]:shrink-0 [&_svg:not([class*='size-'])]:size-4"
        data-orientation="horizontal"
        data-radix-collection-item=""
        data-slot="tabs-trigger"
        data-state="active"
        id="radix-:r1k:-trigger-snap"
        role="tab"
        tabindex="-1"
        type="button"
      >
        Snapshot Tab
      </button>
    </div>
    <div
      aria-labelledby="radix-:r1k:-trigger-snap"
      class="flex-1 outline-none"
      data-orientation="horizontal"
      data-slot="tabs-content"
      data-state="active"
      id="radix-:r1k:-content-snap"
      role="tabpanel"
      style="animation-duration: 0s;"
      tabindex="0"
    >
      Snapshot Content
    </div>
  </div>
</div>
`;
